
> o2c-graph-system@1.0.0 build
> next build

  Γû▓ Next.js 14.2.5
  - Environments: .env.local, .env.production

